// Jest Snapshot v1, https://goo.gl/fbAQLP

exports[`GridLayout should render 1`] = `
<div
  class="css-1rvnl0y-Box"
  data-testid="grid"
>
  <div>
    Item 1
  </div>
  <div>
    Item 2
  </div>
  <div>
    Item 3
  </div>
</div>
`;
