// Jest Snapshot v1, https://goo.gl/fbAQLP

exports[`FlexLayout should render 1`] = `
<div
  class="css-13e4cdg-Box"
  data-testid="flex"
>
  <div>
    Item 1
  </div>
  <div>
    Item 2
  </div>
  <div>
    Item 3
  </div>
</div>
`;
